// Jest Snapshot v1, https://goo.gl/fbAQLP

exports[`routes using memory router renders as expected 1`] = `ShallowWrapper {}`;
